/var/lib/oar/.batch_job_bashrc: line 5: /home/arijo/.bashrc: No such file or directory
## OAR [2022-02-01 09:00:15] Job 2077250 KILLED ##
