/var/lib/oar/.batch_job_bashrc: line 5: /home/arijo/.bashrc: No such file or directory
## OAR [2021-07-29 16:38:29] Job 2024853 KILLED ##
